[metahero.io/index.html]
[metahero.io/apple-icon-57x57.png]
[metahero.io/apple-icon-60x60.png]
[metahero.io/apple-icon-72x72.png]
[metahero.io/apple-icon-76x76.png]
[metahero.io/apple-icon-114x114.png]
[metahero.io/apple-icon-120x120.png]
[metahero.io/apple-icon-144x144.png]
[metahero.io/apple-icon-152x152.png]
[metahero.io/apple-icon-180x180.png]
[metahero.io/android-icon-192x192.png]
[metahero.io/favicon-32x32.png]
[metahero.io/favicon-96x96.png]
[metahero.io/favicon-16x16.png]
[metahero.io/manifest.json]
[metahero.io/ms-icon-144x144.png]
[backblue.gif]
[fade.gif]
[index.html]
[metahero.io/es.html]
[metahero.io/pt.html]
[metahero.io/kr.html]
[metahero.io/ja.html]
[metahero.io/zh.html]
[metahero.io/build/website/592.8b338026.css]
[metahero.io/build/website/app.8827dbcd.css]
[metahero.io/tech.html]
[metahero.io/token.html]
[metahero.io/team.html]
[metahero.io/news.html]
[metahero.io/media/321/download/whitepaperupv5.pdf; filename_=utf-8''Whitepaperupv53860.pdf]
[metahero.io/uploads/media/800x/08/268-trailer-thumbnail0016.png]
[metahero.io/animation-no-background.svg]
[metahero.io/uploads/media/sulu-260x/09/199-wdw-logo0016.svg]
[metahero.io/media/293/download/komora-v3-1-4.png; filename_=utf-8''komora%20v3%201%20%284%293860.png]
[metahero.io/uploads/media/sulu-260x/06/266-icon_gaming0016.png]
[metahero.io/uploads/media/sulu-260x/05/265-icon_licensing0016.png]
[metahero.io/uploads/media/sulu-260x/04/264-Icon_nft0016.png]
[metahero.io/logos/wdw.svg]
[metahero.io/logos/tenset.png]
[metahero.io/logos/kucoin.svg]
[metahero.io/logos/kanga.png]
[metahero.io/uploads/media/sulu-260x/02/52-Yahoo_Financeec51.svg]
[metahero.io/uploads/media/sulu-260x/00/50-insider0016.svg]
[metahero.io/uploads/media/sulu-260x/01/51-coin0016.svg]
[metahero.io/uploads/media/sulu-260x/08/48-market0016.svg]
[metahero.io/uploads/media/sulu-260x/00/90-Bsc-newsec51.svg]
[metahero.io/uploads/media/sulu-260x/09/89-crypto-dailyf4f6.png]
[metahero.io/uploads/media/sulu-260x/03/103-Screenshot 2021-07-27 at 07.17.430016.png]
[metahero.io/contact.html]
[metahero.io/terms-and-conditions.html]
[metahero.io/privacy-policy.html]
[www.google.com/recaptcha/apifef7.js]
[metahero.io/uploads/media/sulu-260x/04/4-footerLogoec51.svg]
[metahero.io/build/website/runtime.7e363f8b.js]
[metahero.io/build/website/772.b085c0c4.js]
[metahero.io/build/website/592.581ea3b5.js]
[metahero.io/index.html]
[metahero.io/build/website/app.9eb8da81.js]
[metahero.io/es/tech.html]
[metahero.io/es/team.html]
[metahero.io/media/297/download/whitepaper-v2-0-en.pdf; filename_=utf-8''WHITEPAPER%20V2.0%20EN3860.pdf]
[metahero.io/media/59/download/metahero-wp-es-v3-4.pdf; filename_=utf-8''Metahero_WP_ES_v3_43860.pdf]
[metahero.io/media/61/download/metahero-wp-kr-v3-4.pdf; filename_=utf-8''Metahero_WP_KR_V3_43860.pdf]
[metahero.io/media/58/download/metahero-wp-jp.pdf; filename_=utf-8''Metahero_WP_JP3860.pdf]
[metahero.io/media/69/download/whitepaper-v-3-5.pdf; filename_=utf-8''WHITEPAPER%20V%203.53860.pdf]
[metahero.io/es/terms-and-conditions.html]
[metahero.io/es.html]
[metahero.io/es/privacy-policy.html]
[metahero.io/pt/tech.html]
[metahero.io/pt/equipe.html]
[metahero.io/media/71/download/v35es.pdf; filename_=utf-8''v35ES3860.pdf]
[metahero.io/media/123/download/wpbr3860.pdf]
[metahero.io/media/72/download/v35kor.pdf; filename_=utf-8''v35KOR3860.pdf]
[metahero.io/media/70/download/v35jp.pdf; filename_=utf-8''v35JP3860.pdf]
[metahero.io/media/83/download/cn-whitepaper.pdf; filename_=utf-8''CN%20WHITEPAPER3860.pdf]
[metahero.io/pt/termos-e-condicoes.html]
[metahero.io/pt/politica-de-privacidade.html]
[metahero.io/pt.html]
[metahero.io/kr/tech.html]
[metahero.io/kr/terms-and-conditions.html]
[metahero.io/kr/privacy-policy.html]
[metahero.io/kr.html]
[metahero.io/ja/tech.html]
[metahero.io/ja/team.html]
[metahero.io/ja/terms-and-conditions.html]
[metahero.io/ja.html]
[metahero.io/ja/privacy-policy.html]
[metahero.io/zh/tech.html]
[metahero.io/zh/team.html]
[metahero.io/zh/news.html]
[metahero.io/zh/terms-conditions.html]
[metahero.io/zh/privacy-policy.html]
[metahero.io/zh.html]
[metahero.io/build/website/592.8b338026.css]
[metahero.io/build/website/fonts/wotfard-light-webfont.ae7cce29.woff2]
[metahero.io/build/website/fonts/wotfard-light-webfont.833e8e94.ttf]
[metahero.io/build/website/fonts/wotfard-medium-webfont.fe8ead49.woff2]
[metahero.io/build/website/fonts/wotfard-medium-webfont.4e3c428b.ttf]
[metahero.io/build/website/fonts/wotfard-semibold-webfont.5a44d1fe.woff2]
[metahero.io/build/website/fonts/wotfard-semibold-webfont.ab0633e6.ttf]
[metahero.io/build/website/images/instagram.35b6f314.svg]
[metahero.io/build/website/images/f1-banner-sm-1.7e5be6d7.png]
[metahero.io/build/website/images/f1-banner-md-1.249cc280.png]
[metahero.io/build/website/images/logo.1b8ce979.svg]
[metahero.io/build/website/images/locale.9a598087.svg]
[metahero.io/build/website/images/logo-mobile.2bff1f2b.svg]
[metahero.io/build/website/images/binary-pattern-tile.045186d6.svg]
[metahero.io/build/website/images/google.98c9b0fd.png]
[metahero.io/build/website/images/google-active.fa94b998.png]
[metahero.io/build/website/images/apple.da79b8b3.png]
[metahero.io/build/website/images/apple-active.d4b46767.png]
[metahero.io/build/website/images/twitter.9f4a8bc9.svg]
[metahero.io/build/website/images/hexagon.dfd59320.svg]
[metahero.io/build/website/images/hexagon-pink.3011cac5.svg]
[metahero.io/build/website/images/person-placeholder.12f1a73c.png]
[metahero.io/build/website/images/calendar.0c592a43.svg]
[metahero.io/build/website/images/hexagonTItle.b2e73481.svg]
[metahero.io/build/website/images/news.8ad8dc38.svg]
[metahero.io/build/website/images/matrix-left.ba8fa5e5.png]
[metahero.io/build/website/images/matrix-right.9125604a.png]
[metahero.io/build/website/images/heksagon.dcebd3b0.svg]
[metahero.io/build/website/images/hexagon-binary.f99b0153.png]
[metahero.io/build/website/images/mock1.c4714df9.png]
[metahero.io/build/website/images/mock2.fb89480e.png]
[metahero.io/build/website/images/revenue-streams.1e053218.svg]
[metahero.io/build/website/images/question.9b7bfb6e.svg]
[metahero.io/build/website/images/tickets-mobile.cf49a23f.svg]
[metahero.io/build/website/images/tickets.d9adbda7.svg]
[metahero.io/build/website/images/join-bg.1f52de85.svg]
[metahero.io/build/website/images/chamber_polygons.6664167f.svg]
[metahero.io/build/website/images/loader.5fcde697.png]
[metahero.io/build/website/images/roadmap.d88d5a12.png]
[metahero.io/build/website/images/scanner-v3.75e1beb6.png]
[metahero.io/build/website/images/scanner-v3@2x.7afea889.png]
[metahero.io/build/website/images/bannerInfoMobile.7769649a.png]
[metahero.io/build/website/images/bannerInfo.31034e73.png]
[metahero.io/build/website/images/tokenInfoHandMobile.27d8c3a8.png]
[metahero.io/build/website/images/tokenInfoHand.5e9db0ef.png]
[metahero.io/build/website/images/tokenFist.0d6950ad.svg]
[metahero.io/build/website/images/token.6e958cbe.svg]
[metahero.io/build/website/images/chamber.9913fad0.png]
[metahero.io/build/website/images/iframe.b77a1d61.jpg]
[metahero.io/build/website/images/wdw-and-tech-bg.dd10a4c5.svg]
[metahero.io/build/website/images/hex-blur.78fc7e42.svg]
[metahero.io/build/website/images/hexagon-binary.d9cf85c3.svg]
[metahero.io/build/website/images/market-data.4522c8e9.svg]
[metahero.io/build/website/images/dashboard.9fb452bb.svg]
[metahero.io/build/website/images/small-hexagon.fbe8fa17.svg]
[metahero.io/build/website/images/small-hexagon-pink-outline.27cf2c66.svg]
[metahero.io/build/website/images/ellipses.5498ed5c.svg]
[metahero.io/build/website/app.8827dbcd.css]
[www.googletagmanager.com/gtm5445.html]
[metahero.io/“https_/www.googletagmanager.com/nsaf3b.html]
[metahero.io/build/website/images/team-bg.4cbf94ef.svg]
[metahero.io/uploads/media/sulu-260x/00/270-icon_virtualreality0016.png]
[metahero.io/uploads/media/sulu-260x/01/271-icon_augmentedreality0016.png]
[metahero.io/uploads/media/sulu-260x/02/272-icon_fashion0016.png]
[metahero.io/uploads/media/sulu-260x/03/273-icon_socialmedia0016.png]
[metahero.io/uploads/media/sulu-260x/04/274-icon_medicine0016.png]
[metahero.io/uploads/media/sulu-260x/08/278-cdprojekt_logo0016.svg]
[metahero.io/uploads/media/sulu-260x/07/277-disnep_logo0016.svg]
[metahero.io/uploads/media/sulu-260x/06/276-11bit_logo 10016.svg]
[metahero.io/uploads/media/sulu-260x/02/282-play_logo0016.svg]
[metahero.io/uploads/media/sulu-260x/01/281-haineken_logo0016.svg]
[metahero.io/uploads/media/sulu-260x/00/290-wut_logo0016.svg]
[metahero.io/uploads/media/sulu-260x/04/284-gdansk_university_of_technology_logo0016.svg]
[metahero.io/uploads/media/sulu-260x/07/287-lodz_university_of_technology_logo0016.svg]
[metahero.io/uploads/media/sulu-260x/06/286-ras_logo0016.svg]
[metahero.io/uploads/media/sulu-260x/00/280-muzeum_slaskie_logo0016.svg]
[metahero.io/uploads/media/sulu-260x/09/279-ferrari_logo0016.svg]
[metahero.io/uploads/media/sulu-260x/09/289-toyota_logo0016.svg]
[metahero.io/uploads/media/sulu-260x/08/288-vw_logo0016.svg]
[metahero.io/uploads/media/sulu-260x/03/283-shell_logo0016.svg]
[metahero.io/uploads/media/sulu-260x/05/285-tmr_logo0016.svg]
[metahero.io/tech.html]
[metahero.io/token-hero-animation.svg]
[metahero.io/uploads/media/600x/01/301-Group 455ec51.svg]
[metahero.io/token.html]
[metahero.io/uploads/media/600x/03/303-Globe_asset (1)0016.svg]
[metahero.io/kr/team.html]
[metahero.io/team.html]
[metahero.io/news/everdome-pre-sale-explained.html]
[metahero.io/uploads/media/800x/05/335-photo16426091030016.jpg]
[metahero.io/news/everdome-pre-sale-update-1.html]
[metahero.io/uploads/media/800x/03/333-photo16424183410016.jpg]
[metahero.io/news/everdome-dates-announced.html]
[metahero.io/uploads/media/800x/01/331-photo16418110570016.jpg]
[metahero.io/news/mass-adoption-accelerates.html]
[metahero.io/uploads/media/800x/00/330-photo16410441310016.jpg]
[metahero.io/news/2021-review.html]
[metahero.io/uploads/media/800x/08/328-photo16407781610016.jpg]
[metahero.io/news/mexc-listing.html]
[metahero.io/uploads/media/800x/07/327-mcex global v40016.png]
[metahero.io/news4658.html]
[metahero.io/news.html]
[metahero.io/news7537.html]
[metahero.io/animation-no-background.svg]
[metahero.io/uploads/media/sulu-260x/09/199-wdw-logo0016.svg]
[metahero.io/logos/wdw.svg]
[metahero.io/logos/kucoin.svg]
[metahero.io/uploads/media/sulu-260x/02/52-Yahoo_Financeec51.svg]
[metahero.io/uploads/media/sulu-260x/00/50-insider0016.svg]
[metahero.io/uploads/media/sulu-260x/01/51-coin0016.svg]
[metahero.io/uploads/media/sulu-260x/08/48-market0016.svg]
[metahero.io/uploads/media/sulu-260x/00/90-Bsc-newsec51.svg]
[metahero.io/contact.html]
[metahero.io/terms-and-conditions.html]
[metahero.io/privacy-policy.html]
[metahero.io/uploads/media/sulu-260x/04/4-footerLogoec51.svg]
[metahero.io/uploads/media/800x/05/275-Group 423 (1)0016.png]
[metahero.io/es/tech.html]
[metahero.io/es/team.html]
[metahero.io/uploads/media/800x/08/268-trailer-thumbnail0016.html]
[metahero.io/es/terms-and-conditions.html]
[metahero.io/es/privacy-policy.html]
[metahero.io/pt/tech.html]
[metahero.io/pt/equipe.html]
[metahero.io/pt/termos-e-condicoes.html]
[metahero.io/pt/politica-de-privacidade.html]
[metahero.io/kr/tech.html]
[metahero.io/kr/terms-and-conditions.html]
[metahero.io/kr/privacy-policy.html]
[metahero.io/ja/tech.html]
[metahero.io/uploads/media/sulu-260x/03/13-Robd33a.jpg]
[metahero.io/uploads/media/sulu-260x/01/21-Lopez0016.jpg]
[metahero.io/uploads/media/sulu-260x/05/25-Alex0016.jpg]
[metahero.io/uploads/media/sulu-260x/02/22-Marcin Grajcar0016.jpg]
[metahero.io/uploads/media/sulu-260x/03/23-Mat0016.jpg]
[metahero.io/uploads/media/sulu-260x/03/33-Twardosz0016.jpg]
[metahero.io/uploads/media/sulu-260x/07/17-Fernando0016.jpg]
[metahero.io/uploads/media/sulu-260x/09/29-Rafal0016.jpg]
[metahero.io/uploads/media/sulu-260x/06/16-Aleksander Sadecki0016.jpg]
[metahero.io/uploads/media/sulu-260x/09/19-Kamil Klandyk0016.jpg]
[metahero.io/uploads/media/sulu-260x/05/15-JAN0016.jpg]
[metahero.io/uploads/media/sulu-260x/08/28-Przemek0016.jpg]
[metahero.io/uploads/media/sulu-260x/01/31-Serafin0016.jpg]
[metahero.io/uploads/media/sulu-260x/06/26-Popek0016.jpg]
[metahero.io/uploads/media/sulu-260x/02/112-2021-08-01 19.13.480016.jpg]
[metahero.io/uploads/media/sulu-260x/04/294-WDW_avatarec51.png]
[metahero.io/uploads/media/sulu-260x/06/296-WDW_Piotr0016.png]
[metahero.io/uploads/media/sulu-260x/05/295-WDW_Konrad0016.png]
[metahero.io/uploads/media/sulu-260x/05/35-wolf_studio_logo_biale0016.png]
[metahero.io/uploads/media/sulu-260x/07/37-tenset30px0016.png]
[metahero.io/uploads/media/sulu-260x/08/38-Jonasz0016.jpg]
[metahero.io/uploads/media/sulu-260x/07/27-healy0016.jpg]
[metahero.io/ja/team.html]
[metahero.io/ja/terms-and-conditions.html]
[metahero.io/ja/privacy-policy.html]
[metahero.io/zh/tech.html]
[metahero.io/zh/team.html]
[metahero.io/news/everdome-socials.html]
[metahero.io/uploads/media/800x/08/338-photo16425070200016.jpg]
[metahero.io/news/metahero-socials.html]
[metahero.io/uploads/media/800x/06/336-photo16425069670016.jpg]
[metahero.io/zh/news4658.html]
[metahero.io/zh/news.html]
[metahero.io/zh/news7537.html]
[metahero.io/zh/terms-conditions.html]
[metahero.io/zh/privacy-policy.html]
[metahero.io/build/website/images/facebook.e147508c.svg]
[metahero.io/build/website/images/twitter.83231bf1.svg]
[metahero.io/build/website/images/telegram.3502976f.svg]
[metahero.io/build/website/images/medium.da052d79.svg]
[metahero.io/build/website/images/youtube.0d8ce1ad.svg]
[metahero.io/build/website/images/linkedin.4c860af0.svg]
[metahero.io/build/website/images/instagram.35b6f314.svg]
[metahero.io/build/website/images/close.32b12072.svg]
[metahero.io/build/website/images/arrow-right-color.30e6b8a8.svg]
[metahero.io/build/website/images/logo.1b8ce979.svg]
[metahero.io/build/website/images/arrow-down.f44323fc.svg]
[metahero.io/build/website/images/locale.9a598087.svg]
[metahero.io/build/website/images/logo-mobile.2bff1f2b.svg]
[metahero.io/build/website/images/burger.223f1a30.svg]
[metahero.io/build/website/images/binary-pattern-tile.045186d6.svg]
[metahero.io/build/website/images/location.f7054b2f.svg]
[metahero.io/build/website/images/linkedIn.e2da6d14.svg]
[metahero.io/build/website/images/twitter.9f4a8bc9.svg]
[metahero.io/build/website/images/hexagon.dfd59320.svg]
[metahero.io/build/website/images/hexagon-pink.3011cac5.svg]
[metahero.io/build/website/images/back.367533cb.svg]
[metahero.io/build/website/images/calendar.0c592a43.svg]
[metahero.io/build/website/images/hexagonTItle.b2e73481.svg]
[metahero.io/build/website/images/news.8ad8dc38.svg]
[metahero.io/build/website/images/heksagon.dcebd3b0.svg]
[metahero.io/build/website/images/arrow-right.1b3b7d44.svg]
[metahero.io/build/website/images/arrow-left.34cfbfcf.svg]
[metahero.io/build/website/images/check.7a4bf5e7.svg]
[metahero.io/build/website/images/info.705c8d38.svg]
[metahero.io/build/website/images/app.22af3501.svg]
[metahero.io/build/website/images/circle.071683cd.svg]
[metahero.io/build/website/images/revenue-streams.1e053218.svg]
[metahero.io/build/website/images/hex.2c132ce5.svg]
[metahero.io/build/website/images/question.9b7bfb6e.svg]
[metahero.io/build/website/images/speaker.b240fc01.svg]
[metahero.io/build/website/images/speaker-muted.fc4bc838.svg]
[metahero.io/build/website/images/tickets-mobile.cf49a23f.svg]
[metahero.io/build/website/images/tickets.d9adbda7.svg]
[metahero.io/build/website/images/join-bg.1f52de85.svg]
[metahero.io/build/website/images/partner-gradient.f9690f48.svg]
[metahero.io/build/website/images/chamber_polygons.6664167f.svg]
[metahero.io/build/website/images/copy.038781dc.svg]
[metahero.io/build/website/images/tokenFist.0d6950ad.svg]
[metahero.io/build/website/images/arrow-right-green.bd8782af.svg]
[metahero.io/build/website/images/token.6e958cbe.svg]
[metahero.io/build/website/images/arrow-right-purple.eb90e9c4.svg]
[metahero.io/build/website/images/wdw-and-tech-bg.dd10a4c5.svg]
[metahero.io/build/website/images/hex-blur.78fc7e42.svg]
[metahero.io/build/website/images/hexagon-binary.d9cf85c3.svg]
[metahero.io/build/website/images/hexagon-blurred.bcd55de9.svg]
[metahero.io/build/website/images/market-data.4522c8e9.svg]
[metahero.io/build/website/images/dashboard.9fb452bb.svg]
[metahero.io/build/website/images/small-hexagon.fbe8fa17.svg]
[metahero.io/build/website/images/small-hexagon-pink-outline.27cf2c66.svg]
[metahero.io/build/website/images/ellipses.5498ed5c.svg]
[metahero.io/build/website/images/hexagon-outline.818f7da1.svg]
[metahero.io/build/website/images/team-bg.4cbf94ef.svg]
[metahero.io/uploads/media/sulu-260x/08/278-cdprojekt_logo0016.svg]
[metahero.io/uploads/media/sulu-260x/07/277-disnep_logo0016.svg]
[metahero.io/uploads/media/sulu-260x/06/276-11bit_logo 10016.svg]
[metahero.io/uploads/media/sulu-260x/02/282-play_logo0016.svg]
[metahero.io/uploads/media/sulu-260x/01/281-haineken_logo0016.svg]
[metahero.io/uploads/media/sulu-260x/00/290-wut_logo0016.svg]
[metahero.io/uploads/media/sulu-260x/04/284-gdansk_university_of_technology_logo0016.svg]
[metahero.io/uploads/media/sulu-260x/07/287-lodz_university_of_technology_logo0016.svg]
[metahero.io/uploads/media/sulu-260x/06/286-ras_logo0016.svg]
[metahero.io/uploads/media/sulu-260x/00/280-muzeum_slaskie_logo0016.svg]
[metahero.io/uploads/media/sulu-260x/09/279-ferrari_logo0016.svg]
[metahero.io/uploads/media/sulu-260x/09/289-toyota_logo0016.svg]
[metahero.io/uploads/media/sulu-260x/08/288-vw_logo0016.svg]
[metahero.io/uploads/media/sulu-260x/03/283-shell_logo0016.svg]
[metahero.io/uploads/media/sulu-260x/05/285-tmr_logo0016.svg]
[metahero.io/uploads/media/800x/05/275-Group 423 (1)0016.html]
[metahero.io/es/token.html]
[metahero.io/pt/token.html]
[metahero.io/kr/token.html]
[metahero.io/ja/token.html]
[metahero.io/zh/token.html]
[metahero.io/token-hero-animation.svg]
[metahero.io/uploads/media/600x/01/301-Group 455ec51.svg]
[metahero.io/uploads/media/600x/03/303-Globe_asset (1)0016.svg]
[metahero.io/uploads/media/600x/04/304-Polygon 110016.svg]
[metahero.io/kr/team.html]
[metahero.io/uploads/media/sulu-260x/05/325-2021-12-19 17.53.040016.html]
[metahero.io/uploads/media/sulu-260x/01/21-Lopez0016.html]
[metahero.io/uploads/media/sulu-260x/08/318-metahero welcomes0016.html]
[metahero.io/uploads/media/sulu-260x/05/25-Alex0016.html]
[metahero.io/uploads/media/sulu-260x/02/22-Marcin Grajcar0016.html]
[metahero.io/uploads/media/sulu-260x/03/23-Mat0016.html]
[metahero.io/uploads/media/sulu-260x/03/33-Twardosz0016.html]
[metahero.io/uploads/media/sulu-260x/07/17-Fernando0016.html]
[metahero.io/uploads/media/sulu-260x/09/29-Rafal0016.html]
[metahero.io/uploads/media/sulu-260x/06/16-Aleksander Sadecki0016.html]
[metahero.io/uploads/media/sulu-260x/09/19-Kamil Klandyk0016.html]
[metahero.io/uploads/media/sulu-260x/05/15-JAN0016.html]
[metahero.io/uploads/media/sulu-260x/08/28-Przemek0016.html]
[metahero.io/uploads/media/sulu-260x/01/31-Serafin0016.html]
[metahero.io/uploads/media/sulu-260x/06/26-Popek0016.html]
[metahero.io/uploads/media/sulu-260x/02/112-2021-08-01 19.13.480016.html]
[metahero.io/uploads/media/sulu-260x/06/296-WDW_Piotr0016.html]
[metahero.io/uploads/media/sulu-260x/05/295-WDW_Konrad0016.html]
[metahero.io/uploads/media/sulu-260x/05/35-wolf_studio_logo_biale0016.html]
[metahero.io/uploads/media/sulu-260x/07/37-tenset30px0016.html]
[metahero.io/uploads/media/sulu-260x/08/38-Jonasz0016.html]
[metahero.io/uploads/media/sulu-260x/07/27-healy0016.html]
[metahero.io/build/website/article.eaddf960.css]
[metahero.io/build/website/502.b19bc960.js]
[metahero.io/build/website/article.86be3a3f.js]
[metahero.io/news/everdome-pre-sale-explained.html]
[metahero.io/news/everdome-pre-sale-update-1.html]
[metahero.io/news/everdome-dates-announced.html]
[metahero.io/news/mass-adoption-accelerates.html]
[metahero.io/news/2021-review.html]
[metahero.io/news/mexc-listing.html]
[metahero.io/news/q4-roadmap.html]
[metahero.io/news/abu-dhabi-race-weekend.html]
[metahero.io/news/race-weekend-arabian-business.html]
[metahero.io/news/events-to-remember-race-weekend.html]
[metahero.io/news/bally-singh-cmo.html]
[metahero.io/news/race-day-winners.html]
[metahero.io/news2679.html]
[metahero.io/news4658.html]
[metahero.io/news9ba9.html]
[metahero.io/news/certik-audit.html]
[metahero.io/news/bitmart-listing.html]
[metahero.io/news/metahero-launch.html]
[metahero.io/news/98seconds.html]
[metahero.io/news/the-revolution.html]
[metahero.io/news9683.html]
[metahero.io/news7537.html]
[metahero.io/1318.html]
[metahero.io/1909.html]
[metahero.io/es/“https_/www.googletagmanager.com/nsaf3b.html]
[metahero.io/uploads/media/sulu-260x/03/13-Robd33a.html]
[metahero.io/uploads/media/sulu-260x/04/294-WDW_avatarec51.html]
[metahero.io/pt/“https_/www.googletagmanager.com/nsaf3b.html]
[metahero.io/kr/“https_/www.googletagmanager.com/nsaf3b.html]
[metahero.io/ja/“https_/www.googletagmanager.com/nsaf3b.html]
[metahero.io/zh/“https_/www.googletagmanager.com/nsaf3b.html]
[metahero.io/news/everdome-socials.html]
[metahero.io/news/metahero-socials.html]
[metahero.io/uploads/media/800x/06/326-photo1640270832 (2)0016.jpg]
[metahero.io/uploads/media/800x/04/324-photo16397591290016.jpg]
[metahero.io/uploads/media/800x/03/323-FGpzF-kWUAM5B5p0016.jpg]
[metahero.io/uploads/media/800x/00/320-photo16395066940016.jpg]
[metahero.io/zh/news2679.html]
[metahero.io/zh/news9ba9.html]
[metahero.io/zh/news4658.html]
[metahero.io/uploads/media/800x/00/80-photo16263359970016.jpg]
[metahero.io/uploads/media/800x/05/75-photo16262414440016.jpg]
[metahero.io/uploads/media/800x/07/77-photo16262549800016.jpg]
[metahero.io/uploads/media/800x/08/78-photo16253972320016.jpg]
[metahero.io/uploads/media/800x/06/76-photo16262506910016.jpg]
[metahero.io/zh/news7537.html]
[metahero.io/zh/news9683.html]
[metahero.io/build/website/article.eaddf960.css]
[metahero.io/news/“https_/www.googletagmanager.com/nsaf3b.html]
[metahero.io/uploads/media/800x/05/335-photo16426091030016.html]
[metahero.io/uploads/media/800x/01/331-photo16418110570016.html]
[metahero.io/uploads/media/800x/00/330-photo16410441310016.html]
[metahero.io/uploads/media/800x/07/327-mcex global v40016.html]
[metahero.io/news/q4-roadmap.html]
[metahero.io/uploads/media/800x/06/326-photo1640270832 (2)0016.html]
[metahero.io/news/abu-dhabi-race-weekend.html]
[metahero.io/uploads/media/800x/04/324-photo16397591290016.html]
[metahero.io/news/race-weekend-arabian-business.html]
[metahero.io/uploads/media/800x/03/323-FGpzF-kWUAM5B5p0016.html]
[metahero.io/news/events-to-remember-race-weekend.html]
[metahero.io/uploads/media/800x/00/320-photo16395066940016.html]
[metahero.io/uploads/media/800x/09/319-photo16389054970016.jpg]
[metahero.io/news/bally-singh-cmo.html]
[metahero.io/uploads/media/800x/09/319-photo16389054970016.html]
[metahero.io/uploads/media/800x/06/316-photo1638767049 (1)0016.jpg]
[metahero.io/news/race-day-winners.html]
[metahero.io/uploads/media/800x/06/316-photo1638767049 (1)0016.html]
[metahero.io/news2679.html]
[metahero.io/news/metahero-top-100.html]
[metahero.io/news/race-day-giveaway.html]
[metahero.io/news/update-3-of-3.html]
[metahero.io/news/everdome-pre-sale-update.html]
[metahero.io/news/nov-recap.html]
[metahero.io/news/bitboy-review.html]
[metahero.io/newsfdb0.html]
[metahero.io/news9ba9.html]
[metahero.io/news/certik-audit.html]
[metahero.io/uploads/media/800x/00/80-photo16263359970016.html]
[metahero.io/news/bitmart-listing.html]
[metahero.io/uploads/media/800x/05/75-photo16262414440016.html]
[metahero.io/news/metahero-launch.html]
[metahero.io/uploads/media/800x/07/77-photo16262549800016.html]
[metahero.io/news/98seconds.html]
[metahero.io/uploads/media/800x/08/78-photo16253972320016.html]
[metahero.io/news/the-revolution.html]
[metahero.io/uploads/media/800x/06/76-photo16262506910016.html]
[metahero.io/news/skynet.html]
[metahero.io/news/live-recording.html]
[metahero.io/news/live-stream.html]
[metahero.io/news/legal-opinion.html]
[metahero.io/news5c43.html]
[metahero.io/news9683.html]
[metahero.io/uploads/media/800x/08/338-photo16425070200016.html]
[metahero.io/uploads/media/800x/06/336-photo16425069670016.html]
[metahero.io/zh/news2679.html]
[metahero.io/uploads/media/800x/00/310-photo16387120250016.jpg]
[metahero.io/uploads/media/800x/02/312-photo16386908200016.jpg]
[metahero.io/uploads/media/800x/09/309-photo16386389080016.jpg]
[metahero.io/uploads/media/800x/08/308-photo16385396420016.jpg]
[metahero.io/uploads/media/800x/07/307-photo16384559700016.jpg]
[metahero.io/uploads/media/800x/06/306-photo16383806910016.jpg]
[metahero.io/zh/newsfdb0.html]
[metahero.io/zh/news9ba9.html]
[metahero.io/uploads/media/800x/05/85-photo16265935370016.jpg]
[metahero.io/uploads/media/800x/04/84-photo1626440752 (1)0016.jpg]
[metahero.io/uploads/media/800x/02/82-photo16263783890016.jpg]
[metahero.io/uploads/media/800x/01/81-photo16263598420016.jpg]
[metahero.io/zh/news9683.html]
[metahero.io/zh/news5c43.html]
[metahero.io/uploads/media/800x/03/333-photo16424183410016.html]
[metahero.io/news/metahero-top-100.html]
[metahero.io/uploads/media/800x/00/310-photo16387120250016.html]
[metahero.io/news/race-day-giveaway.html]
[metahero.io/uploads/media/800x/02/312-photo16386908200016.html]
[metahero.io/news/update-3-of-3.html]
[metahero.io/uploads/media/800x/09/309-photo16386389080016.html]
[metahero.io/news/everdome-pre-sale-update.html]
[metahero.io/uploads/media/800x/08/308-photo16385396420016.html]
[metahero.io/news/nov-recap.html]
[metahero.io/uploads/media/800x/07/307-photo16384559700016.html]
[metahero.io/news/bitboy-review.html]
[metahero.io/uploads/media/800x/06/306-photo16383806910016.html]
[metahero.io/news/mother-of-updates-2.html]
[metahero.io/news/website-and-wp.html]
[metahero.io/news/hero-update-everdome-announcement.html]
[metahero.io/news/mother-of-updates-1.html]
[metahero.io/newsfdb0.html]
[metahero.io/newsaf4d.html]
[metahero.io/uploads/media/800x/06/86-Screen Shot 2021-07-18 at 10.21.19 AM0016.png]
[metahero.io/uploads/media/800x/07/87-Screen Shot 2021-07-18 at 10.20.49 AM0016.png]
[metahero.io/news/skynet.html]
[metahero.io/uploads/media/800x/08/88-Screen Shot 2021-07-18 at 10.20.28 AM0016.png]
[metahero.io/uploads/media/800x/05/85-photo16265935370016.html]
[metahero.io/news/live-recording.html]
[metahero.io/uploads/media/800x/04/84-photo1626440752 (1)0016.html]
[metahero.io/news/live-stream.html]
[metahero.io/uploads/media/800x/02/82-photo16263783890016.html]
[metahero.io/news/legal-opinion.html]
[metahero.io/uploads/media/800x/01/81-photo16263598420016.html]
[metahero.io/news/metaverse-colonization.html]
[metahero.io/news/double-listing-1.html]
[metahero.io/news/get-shit-done.html]
[metahero.io/news/hero-app.html]
[metahero.io/news/q3-roadmap.html]
[metahero.io/news/bitmart-live.html]
[metahero.io/news42a7.html]
[metahero.io/news5c43.html]
[metahero.io/uploads/media/800x/00/300-photo16380205850016.jpg]
[metahero.io/uploads/media/800x/09/299-photo16379306910016.jpg]
[metahero.io/uploads/media/800x/08/298-Screen Shot 2021-11-26 at 7.20.50 PM0016.png]
[metahero.io/uploads/media/800x/02/262-photo16374178780016.jpg]
[metahero.io/zh/newsaf4d.html]
[metahero.io/zh/newsfdb0.html]
[metahero.io/news/double-listing.html]
[metahero.io/uploads/media/800x/04/104-photo16273692630016.jpg]
[metahero.io/news/bscdaily-ama.html]
[metahero.io/uploads/media/800x/02/102-photo16272932800016.jpg]
[metahero.io/uploads/media/800x/01/101-photo16270462160016.jpg]
[metahero.io/uploads/media/800x/00/100-photo16269744300016.jpg]
[metahero.io/uploads/media/800x/09/99-photo16269292520016.jpg]
[metahero.io/uploads/media/800x/06/96-Screen Shot 2021-07-21 at 2.17.17 PM0016.png]
[metahero.io/zh/news5c43.html]
[metahero.io/zh/news42a7.html]
[metahero.io/news/metahero.io/news/nov-recap.html]
[metahero.io/news/mother-of-updates-2.html]
[metahero.io/uploads/media/800x/00/300-photo16380205850016.html]
[metahero.io/news/website-and-wp.html]
[metahero.io/uploads/media/800x/09/299-photo16379306910016.html]
[metahero.io/news/hero-update-everdome-announcement.html]
[metahero.io/uploads/media/800x/08/298-Screen Shot 2021-11-26 at 7.20.50 PM0016.html]
[metahero.io/news/mother-of-updates-1.html]
[metahero.io/uploads/media/800x/02/262-photo16374178780016.html]
[metahero.io/news/heroes-in-dubai.html]
[metahero.io/news/bloktopia-partnership.html]
[metahero.io/news/kucoin-listing.html]
[metahero.io/news/cmc-deep-dives-metahero.html]
[metahero.io/news/kitco-interview.html]
[metahero.io/news/october-recap.html]
[metahero.io/newsc575.html]
[metahero.io/newsaf4d.html]
[metahero.io/news/metaverse-colonization.html]
[metahero.io/uploads/media/800x/01/101-photo16270462160016.html]
[metahero.io/news/double-listing-1.html]
[metahero.io/uploads/media/800x/00/100-photo16269744300016.html]
[metahero.io/news/get-shit-done.html]
[metahero.io/uploads/media/800x/09/99-photo16269292520016.html]
[metahero.io/news/hero-app.html]
[metahero.io/uploads/media/800x/06/96-Screen Shot 2021-07-21 at 2.17.17 PM0016.html]
[metahero.io/uploads/media/800x/03/93-photo16267671320016.jpg]
[metahero.io/news/q3-roadmap.html]
[metahero.io/uploads/media/800x/03/93-photo16267671320016.html]
[metahero.io/uploads/media/800x/02/92-photo16266705950016.jpg]
[metahero.io/news/bitmart-live.html]
[metahero.io/uploads/media/800x/02/92-photo16266705950016.html]
[metahero.io/news/welcome-pawel.html]
[metahero.io/news/metahero-month-one.html]
[metahero.io/news/hero-update-5.html]
[metahero.io/news/100m-mc.html]
[metahero.io/news/ios-app.html]
[metahero.io/news/update4.html]
[metahero.io/news42a7.html]
[metahero.io/news5760.html]
[metahero.io/uploads/media/800x/01/261-photo16367315350016.jpg]
[metahero.io/uploads/media/800x/00/260-photo16365604360016.jpg]
[metahero.io/uploads/media/800x/03/213-photo16354170990016.jpg]
[metahero.io/uploads/media/800x/02/212-photo16353373640016.jpg]
[metahero.io/uploads/media/800x/01/211-DSC007860016.jpg]
[metahero.io/uploads/media/800x/09/259-photo16358745970016.jpg]
[metahero.io/zh/newsc575.html]
[metahero.io/zh/newsaf4d.html]
[metahero.io/news/double-listing.html]
[metahero.io/news/bscdaily-ama.html]
[metahero.io/uploads/media/800x/03/113-photo16278875030016.jpg]
[metahero.io/uploads/media/800x/01/111-Screen Shot 2021-08-01 at 3.03.36 PM0016.png]
[metahero.io/uploads/media/800x/00/110-photo1627668446 (1)0016.jpg]
[metahero.io/uploads/media/800x/08/108-photo16275464170016.jpg]
[metahero.io/uploads/media/800x/06/106-photo16274933270016.jpg]
[metahero.io/uploads/media/800x/05/105-photo16273013880016.jpg]
[metahero.io/zh/news42a7.html]
[metahero.io/zh/news5760.html]
[metahero.io/news/heroes-in-dubai.html]
[metahero.io/uploads/media/800x/01/261-photo16367315350016.html]
[metahero.io/news/bloktopia-partnership.html]
[metahero.io/uploads/media/800x/00/260-photo16365604360016.html]
[metahero.io/news/kucoin-listing.html]
[metahero.io/uploads/media/800x/03/213-photo16354170990016.html]
[metahero.io/news/cmc-deep-dives-metahero.html]
[metahero.io/uploads/media/800x/02/212-photo16353373640016.html]
[metahero.io/news/kitco-interview.html]
[metahero.io/uploads/media/800x/01/211-DSC007860016.html]
[metahero.io/uploads/media/800x/08/258-DSC007490016.jpg]
[metahero.io/uploads/media/800x/07/257-DSC002360016.jpg]
[metahero.io/uploads/media/800x/06/256-DSC006640016.jpg]
[metahero.io/uploads/media/800x/05/255-DSC005150016.jpg]
[metahero.io/uploads/media/800x/00/250-DSC002200016.jpg]
[metahero.io/uploads/media/800x/09/249-DSC007860016.jpg]
[metahero.io/uploads/media/800x/08/248-DSC015790016.jpg]
[metahero.io/uploads/media/800x/07/247-DSC018070016.jpg]
[metahero.io/uploads/media/800x/06/246-DSC022600016.jpg]
[metahero.io/uploads/media/800x/05/245-DSC005750016.jpg]
[metahero.io/uploads/media/800x/04/244-DSC007450016.jpg]
[metahero.io/uploads/media/800x/03/243-DSC007000016.jpg]
[metahero.io/uploads/media/800x/02/242-DSC003600016.jpg]
[metahero.io/uploads/media/800x/00/240-DSC005970016.jpg]
[metahero.io/uploads/media/800x/08/238-DSC006790016.jpg]
[metahero.io/uploads/media/800x/09/239-DSC002290016.jpg]
[metahero.io/uploads/media/800x/01/241-DSC015120016.jpg]
[metahero.io/uploads/media/800x/07/237-DSC002210016.jpg]
[metahero.io/uploads/media/800x/03/233-DSC003390016.jpg]
[metahero.io/uploads/media/800x/05/235-DSC002140016.jpg]
[metahero.io/uploads/media/800x/04/234-DSC014950016.jpg]
[metahero.io/uploads/media/800x/06/236-DSC013740016.jpg]
[metahero.io/uploads/media/800x/09/229-DSC01071-20016.jpg]
[metahero.io/uploads/media/800x/01/231-DSC002880016.jpg]
[metahero.io/uploads/media/800x/02/232-DSC001850016.jpg]
[metahero.io/uploads/media/800x/00/230-DSC003570016.jpg]
[metahero.io/uploads/media/800x/08/228-DSC002900016.jpg]
[metahero.io/uploads/media/800x/07/227-DSC019250016.jpg]
[metahero.io/uploads/media/800x/04/224-DSC016170016.jpg]
[metahero.io/uploads/media/800x/05/225-DSC005060016.jpg]
[metahero.io/uploads/media/800x/06/226-DSC005890016.jpg]
[metahero.io/uploads/media/800x/03/223-DSC015690016.jpg]
[metahero.io/uploads/media/800x/01/221-DSC013530016.jpg]
[metahero.io/uploads/media/800x/09/219-DSC010020016.jpg]
[metahero.io/uploads/media/800x/00/220-DSC014090016.jpg]
[metahero.io/uploads/media/800x/02/222-DSC003510016.jpg]
[metahero.io/uploads/media/800x/08/218-DSC004810016.jpg]
[metahero.io/uploads/media/800x/06/216-DSC002790016.jpg]
[metahero.io/uploads/media/800x/07/217-DSC004530016.jpg]
[metahero.io/uploads/media/800x/04/214-DSC004360016.jpg]
[metahero.io/uploads/media/800x/05/215-DSC009640016.jpg]
[metahero.io/news/october-recap.html]
[metahero.io/uploads/media/800x/09/259-photo16358745970016.html]
[metahero.io/news/fbsummit-day2.html]
[metahero.io/news/great-unveiling.html]
[metahero.io/news/live-broadcast-unveiling.html]
[metahero.io/news/trading-resumed-bitmart.html]
[metahero.io/news/zero-fees-on-gate.html]
[metahero.io/news/coin-of-the-day.html]
[metahero.io/newsc575.html]
[metahero.io/news235c.html]
[metahero.io/news/welcome-pawel.html]
[metahero.io/uploads/media/800x/03/113-photo16278875030016.html]
[metahero.io/news/metahero-month-one.html]
[metahero.io/uploads/media/800x/01/111-Screen Shot 2021-08-01 at 3.03.36 PM0016.html]
[metahero.io/news/hero-update-5.html]
[metahero.io/uploads/media/800x/00/110-photo1627668446 (1)0016.html]
[metahero.io/uploads/media/800x/09/109-Screen Shot 2021-07-30 at 9.24.04 AM0016.png]
[metahero.io/news/100m-mc.html]
[metahero.io/uploads/media/800x/08/108-photo16275464170016.html]
[metahero.io/news/ios-app.html]
[metahero.io/uploads/media/800x/06/106-photo16274933270016.html]
[metahero.io/news/update4.html]
[metahero.io/uploads/media/800x/05/105-photo16273013880016.html]
[metahero.io/news/hero-update-6.html]
[metahero.io/uploads/media/800x/07/117-photo16280771360016.jpg]
[metahero.io/news/featured-koreantv.html]
[metahero.io/uploads/media/800x/06/116-photo16279861370016.jpg]
[metahero.io/news/trillion-part3.html]
[metahero.io/uploads/media/800x/00/120-Group0016.png]
[metahero.io/news/heroswap-coming-soon.html]
[metahero.io/uploads/media/800x/04/114-photo16277606060016.jpg]
[metahero.io/news5760.html]
[metahero.io/newsa7f1.html]
[metahero.io/news/fbsummit-wrap-up.html]
[metahero.io/uploads/media/800x/07/207-photo1634758050 (1)0016.jpg]
[metahero.io/news/fbsummit-day3.html]
[metahero.io/uploads/media/800x/03/203-Screen Shot 2021-10-26 at 5.46.52 AM0016.png]
[metahero.io/uploads/media/800x/02/202-photo16345825930016.jpg]
[metahero.io/uploads/media/800x/01/201-photo16344878250016.jpg]
[metahero.io/uploads/media/800x/00/200-photo1634395740 (1)0016.jpg]
[metahero.io/uploads/media/800x/07/197-photo16340488500016.jpg]
[metahero.io/zh/newsc575.html]
[metahero.io/zh/news235c.html]
[metahero.io/news/metaverse-is-everywhere.html]
[metahero.io/uploads/media/800x/04/124-photo16281551880016.jpg]
[metahero.io/news/popular2.html]
[metahero.io/uploads/media/800x/01/121-photo16280758610016.jpg]
[metahero.io/zh/newsa7f1.html]
[metahero.io/zh/news5760.html]
[metahero.io/news/fbsummit-day2.html]
[metahero.io/uploads/media/800x/02/202-photo16345825930016.html]
[metahero.io/news/great-unveiling.html]
[metahero.io/uploads/media/800x/01/201-photo16344878250016.html]
[metahero.io/news/live-broadcast-unveiling.html]
[metahero.io/uploads/media/800x/00/200-photo1634395740 (1)0016.html]
[metahero.io/news/trading-resumed-bitmart.html]
[metahero.io/uploads/media/800x/07/197-photo16340488500016.html]
[metahero.io/uploads/media/800x/06/196-photo16340371300016.jpg]
[metahero.io/news/zero-fees-on-gate.html]
[metahero.io/uploads/media/800x/06/196-photo16340371300016.html]
[metahero.io/uploads/media/800x/05/195-photo16339792030016.jpg]
[metahero.io/news/coin-of-the-day.html]
[metahero.io/uploads/media/800x/05/195-photo16339792030016.html]
[metahero.io/news/last-glimpse.html]
[metahero.io/news/september-recap.html]
[metahero.io/news/10m-dropped.html]
[metahero.io/news/hero-listing-on-kanga-exchange.html]
[metahero.io/news/10m-airdrop-tomorrow.html]
[metahero.io/news/rob-live-on-central-criptos.html]
[metahero.io/newsfdfa.html]
[metahero.io/news235c.html]
[metahero.io/news/hero-update-6.html]
[metahero.io/news/featured-koreantv.html]
[metahero.io/news/trillion-part3.html]
[metahero.io/news/heroswap-coming-soon.html]
[metahero.io/news/smart-contract-update.html]
[metahero.io/news/immortalized-as-nfts.html]
[metahero.io/news/cex-updates.html]
[metahero.io/news/hero-rewards-explained.html]
[metahero.io/news/hero-update-7.html]
[metahero.io/news/blockchain-summit-coming.html]
[metahero.io/news8c93.html]
[metahero.io/newsa7f1.html]
[metahero.io/news/fbsummit-wrap-up.html]
[metahero.io/news/fbsummit-day3.html]
[metahero.io/uploads/media/800x/04/194-photo16335052440016.jpg]
[metahero.io/uploads/media/800x/03/193-Screen Shot 2021-10-04 at 10.22.20 AM0016.png]
[metahero.io/uploads/media/800x/02/192-photo16330258880016.jpg]
[metahero.io/uploads/media/800x/01/191-photo16329448490016.jpg]
[metahero.io/zh/news235c.html]
[metahero.io/zh/newsfdfa.html]
[metahero.io/news/metaverse-is-everywhere.html]
[metahero.io/news/popular2.html]
[metahero.io/uploads/media/800x/01/131-photo16291100360016.jpg]
[metahero.io/uploads/media/800x/00/130-6c47c574-b6b6-4f5c-a670-919b55e11bfa0016.jpg]
[metahero.io/uploads/media/800x/09/129-photo16288783930016.jpg]
[metahero.io/uploads/media/800x/06/126-photo16284334270016.jpg]
[metahero.io/uploads/media/800x/05/125-photo16284282410016.jpg]
[metahero.io/zh/news8c93.html]
[metahero.io/zh/newsa7f1.html]
[metahero.io/news/last-glimpse.html]
[metahero.io/uploads/media/800x/04/194-photo16335052440016.html]
[metahero.io/news/september-recap.html]
[metahero.io/uploads/media/800x/03/193-Screen Shot 2021-10-04 at 10.22.20 AM0016.html]
[metahero.io/news/10m-dropped.html]
[metahero.io/uploads/media/800x/02/192-photo16330258880016.html]
[metahero.io/news/hero-listing-on-kanga-exchange.html]
[metahero.io/uploads/media/800x/01/191-photo16329448490016.html]
[metahero.io/uploads/media/800x/00/190-photo16329086870016.jpg]
[metahero.io/news/10m-airdrop-tomorrow.html]
[metahero.io/uploads/media/800x/00/190-photo16329086870016.html]
[metahero.io/uploads/media/800x/09/189-696d3b23-557a-4291-ad9c-1446486bd7ae0016.jpg]
[metahero.io/news/rob-live-on-central-criptos.html]
[metahero.io/uploads/media/800x/09/189-696d3b23-557a-4291-ad9c-1446486bd7ae0016.html]
[metahero.io/news/200k-cmc-watchlists.html]
[metahero.io/news/ama-ssb-recording.html]
[metahero.io/news/hero-update-10.html]
[metahero.io/news/0-fees.html]
[metahero.io/newsfdfa.html]
[metahero.io/news0b08.html]
[metahero.io/uploads/media/800x/04/114-photo16277606060016.html]
[metahero.io/news/smart-contract-update.html]
[metahero.io/uploads/media/800x/01/131-photo16291100360016.html]
[metahero.io/news/immortalized-as-nfts.html]
[metahero.io/uploads/media/800x/00/130-6c47c574-b6b6-4f5c-a670-919b55e11bfa0016.html]
[metahero.io/news/cex-updates.html]
[metahero.io/uploads/media/800x/09/129-photo16288783930016.html]
[metahero.io/news/hero-rewards-explained.html]
[metahero.io/uploads/media/800x/08/128-hqdefault-10016.html]
[metahero.io/news/hero-update-7.html]
[metahero.io/uploads/media/800x/06/126-photo16284334270016.html]
[metahero.io/news/blockchain-summit-coming.html]
[metahero.io/uploads/media/800x/05/125-photo16284282410016.html]
[metahero.io/news/live-inteview-fbs.html]
[metahero.io/uploads/media/800x/07/137-photo16298793980016.jpg]
[metahero.io/news/bitmart-withdrawals.html]
[metahero.io/uploads/media/800x/06/136-photo16297305120016.jpg]
[metahero.io/news/fbs-bound.html]
[metahero.io/uploads/media/800x/05/135-photo16294470800016.jpg]
[metahero.io/news/hero-update-8.html]
[metahero.io/uploads/media/800x/03/133-photo16291328880016.jpg]
[metahero.io/newsce37.html]
[metahero.io/news8c93.html]
[metahero.io/uploads/media/800x/08/188-photo16328356030016.jpg]
[metahero.io/uploads/media/800x/07/187-photo16325588310016.jpg]
[metahero.io/uploads/media/800x/06/186-photo16325891960016.jpg]
[metahero.io/uploads/media/800x/05/185-photo16325517530016.jpg]
[metahero.io/zh/news0b08.html]
[metahero.io/zh/newsfdfa.html]
[metahero.io/news/hero-update-9.html]
[metahero.io/uploads/media/800x/09/139-photo16304263190016.jpg]
[metahero.io/news/heroswap-is-live.html]
[metahero.io/uploads/media/800x/08/138-photo16300800820016.jpg]
[metahero.io/zh/newsce37.html]
[metahero.io/zh/news8c93.html]
[metahero.io/news/200k-cmc-watchlists.html]
[metahero.io/uploads/media/800x/08/188-photo16328356030016.html]
[metahero.io/news/ama-ssb-recording.html]
[metahero.io/uploads/media/800x/07/187-photo16325588310016.html]
[metahero.io/news/hero-update-10.html]
[metahero.io/uploads/media/800x/06/186-photo16325891960016.html]
[metahero.io/news/0-fees.html]
[metahero.io/uploads/media/800x/05/185-photo16325517530016.html]
[metahero.io/news/karas-world-record-holder.html]
[metahero.io/coinmarketcap-has-picked-up-the-hero-airdrop-on-september-30th.html]
[metahero.io/news/rewards-withdrawal.html]
[metahero.io/news/trailer-100k.html]
[metahero.io/news/5000-hero-giveaway.html]
[metahero.io/news/10m-airdrop.html]
[metahero.io/news1448.html]
[metahero.io/news0b08.html]
[metahero.io/news/live-inteview-fbs.html]
[metahero.io/news/bitmart-withdrawals.html]
[metahero.io/news/fbs-bound.html]
[metahero.io/news/hero-update-8.html]
[metahero.io/news/jrny-live.html]
[metahero.io/news/top-200.html]
[metahero.io/news/150k-yt.html]
[metahero.io/news/fzco.html]
[metahero.io/news/august-recap.html]
[metahero.io/news/reminder-live-interview.html]
[metahero.io/news1c8b.html]
[metahero.io/newsce37.html]
[metahero.io/uploads/media/800x/09/179-photo16322965160016.jpg]
[metahero.io/uploads/media/800x/08/178-photo16322979360016.jpg]
[metahero.io/uploads/media/800x/06/176-photo16322108650016.jpg]
[metahero.io/uploads/media/800x/05/175-photo16320728060016.jpg]
[metahero.io/uploads/media/800x/03/173-photo16320728050016.jpg]
[metahero.io/uploads/media/800x/01/171-photo16320303390016.jpg]
[metahero.io/zh/news0b08.html]
[metahero.io/zh/news1448.html]
[metahero.io/news/hero-update-9.html]
[metahero.io/news/heroswap-is-live.html]
[metahero.io/uploads/media/800x/08/158-photo16308560540016.jpg]
[metahero.io/uploads/media/800x/07/157-photo16280695620016.jpg]
[metahero.io/uploads/media/800x/06/156-photo16306686290016.jpg]
[metahero.io/uploads/media/800x/05/155-photo16306546580016.jpg]
[metahero.io/uploads/media/800x/00/140-photo16303918310016.jpg]
[metahero.io/zh/news1c8b.html]
[metahero.io/zh/newsce37.html]
[metahero.io/uploads/media/800x/00/180-photo16323011930016.jpg]
[metahero.io/uploads/media/800x/01/181-photo1632301193 (1)0016.jpg]
[metahero.io/news/karas-world-record-holder.html]
[metahero.io/uploads/media/800x/09/179-photo16322965160016.html]
[metahero.io/coinmarketcap-has-picked-up-the-hero-airdrop-on-september-30th.html]
[metahero.io/uploads/media/800x/08/178-photo16322979360016.html]
[metahero.io/news/rewards-withdrawal.html]
[metahero.io/uploads/media/800x/06/176-photo16322108650016.html]
[metahero.io/news/trailer-100k.html]
[metahero.io/uploads/media/800x/05/175-photo16320728060016.html]
[metahero.io/news/5000-hero-giveaway.html]
[metahero.io/uploads/media/800x/03/173-photo16320728050016.html]
[metahero.io/news/10m-airdrop.html]
[metahero.io/uploads/media/800x/01/171-photo16320303390016.html]
[metahero.io/news/kanga-exchange-listing.html]
[metahero.io/news/next-growth-stage.html]
[metahero.io/news/featured-on-fbs.html]
[metahero.io/news/thank-you-sony-poland.html]
[metahero.io/news/v3-reveal.html]
[metahero.io/news/ama-ssb.html]
[metahero.io/news1448.html]
[metahero.io/news/jrny-live.html]
[metahero.io/uploads/media/800x/09/159-JRNY0016.html]
[metahero.io/news/top-200.html]
[metahero.io/uploads/media/800x/08/158-photo16308560540016.html]
[metahero.io/news/150k-yt.html]
[metahero.io/uploads/media/800x/07/157-photo16280695620016.html]
[metahero.io/news/fzco.html]
[metahero.io/uploads/media/800x/06/156-photo16306686290016.html]
[metahero.io/uploads/media/800x/07/147-photo16279841190016.jpg]
[metahero.io/uploads/media/800x/00/150-photo16280029860016.jpg]
[metahero.io/uploads/media/800x/01/151-photo16281475350016.jpg]
[metahero.io/uploads/media/800x/02/152-photo16282358490016.jpg]
[metahero.io/uploads/media/800x/03/153-photo16286132020016.jpg]
[metahero.io/uploads/media/800x/09/149-Screen Shot 2021-09-03 at 8.16.05 AM0016.png]
[metahero.io/uploads/media/800x/04/154-Screen Shot 2021-09-03 at 8.34.33 AM0016.png]
[metahero.io/news/august-recap.html]
[metahero.io/uploads/media/800x/05/155-photo16306546580016.html]
[metahero.io/news/reminder-live-interview.html]
[metahero.io/uploads/media/800x/00/140-photo16303918310016.html]
[metahero.io/news/fbsummit-contest-winners.html]
[metahero.io/news/pre-announcement.html]
[metahero.io/news/announcement-contest.html]
[metahero.io/news/wdw-launch.html]
[metahero.io/news1c8b.html]
[metahero.io/uploads/media/800x/00/170-photo1631902163 (1)0016.jpg]
[metahero.io/uploads/media/800x/02/172-photo1632043807 (1)0016.jpg]
[metahero.io/uploads/media/800x/08/168-photo16317800070016.jpg]
[metahero.io/uploads/media/800x/07/167-photo16317044980016.jpg]
[metahero.io/uploads/media/800x/06/166-photo16316869880016.jpg]
[metahero.io/uploads/media/800x/05/165-photo16314766380016.jpg]
[metahero.io/zh/news1448.html]
[metahero.io/uploads/media/800x/04/164-339D59EA-28FB-4C76-BDB0-45EDA6525DFD0016.jpg]
[metahero.io/uploads/media/800x/03/163-82386D80-61D7-491F-8A27-0A11674AA1F50016.jpg]
[metahero.io/uploads/media/800x/01/161-photo1631081253 (1)0016.jpg]
[metahero.io/uploads/media/800x/00/160-photo16309523690016.jpg]
[metahero.io/zh/news1c8b.html]
[metahero.io/news/kanga-exchange-listing.html]
[metahero.io/uploads/media/800x/00/170-photo1631902163 (1)0016.html]
[metahero.io/news/next-growth-stage.html]
[metahero.io/uploads/media/800x/02/172-photo1632043807 (1)0016.html]
[metahero.io/news/featured-on-fbs.html]
[metahero.io/uploads/media/800x/08/168-photo16317800070016.html]
[metahero.io/news/thank-you-sony-poland.html]
[metahero.io/uploads/media/800x/07/167-photo16317044980016.html]
[metahero.io/news/v3-reveal.html]
[metahero.io/uploads/media/800x/06/166-photo16316869880016.html]
[metahero.io/news/ama-ssb.html]
[metahero.io/uploads/media/800x/05/165-photo16314766380016.html]
[metahero.io/news/fbsummit-contest-winners.html]
[metahero.io/uploads/media/800x/04/164-339D59EA-28FB-4C76-BDB0-45EDA6525DFD0016.html]
[metahero.io/news/pre-announcement.html]
[metahero.io/uploads/media/800x/03/163-82386D80-61D7-491F-8A27-0A11674AA1F50016.html]
[metahero.io/news/announcement-contest.html]
[metahero.io/uploads/media/800x/01/161-photo1631081253 (1)0016.html]
[metahero.io/news/wdw-launch.html]
[metahero.io/uploads/media/800x/00/160-photo16309523690016.html]
